// Jest Snapshot v1, https://goo.gl/fbAQLP

exports[`BlogApiStack matches snapshot 1`] = `
{
  "Outputs": {
    "ApiUrl": {
      "Description": "HTTP API v2 base URL",
      "Value": {
        "Fn::Join": [
          "",
          [
            "https://",
            {
              "Ref": "BlogHttpApi",
            },
            ".execute-api.",
            {
              "Ref": "AWS::Region",
            },
            ".amazonaws.com",
          ],
        ],
      },
    },
  },
  "Parameters": {
    "BootstrapVersion": {
      "Default": "/cdk-bootstrap/hnb659fds/version",
      "Description": "Version of the CDK Bootstrap resources in this environment, automatically retrieved from SSM Parameter Store. [cdk:skip]",
      "Type": "AWS::SSM::Parameter::Value<String>",
    },
  },
  "Resources": {
    "BlogHttpApi": {
      "Properties": {
        "CorsConfiguration": {
          "AllowHeaders": [
            "Content-Type",
            "Authorization",
          ],
          "AllowMethods": [
            "GET",
            "POST",
            "PUT",
            "DELETE",
            "OPTIONS",
          ],
          "AllowOrigins": [
            "*",
          ],
        },
        "Name": "BlogApi",
        "ProtocolType": "HTTP",
      },
      "Type": "AWS::ApiGatewayV2::Api",
    },
    "BlogLambdaApiGatewayInvoke727E8F76": {
      "Properties": {
        "Action": "lambda:InvokeFunction",
        "FunctionName": {
          "Fn::GetAtt": [
            "BlogLambdaD5440535",
            "Arn",
          ],
        },
        "Principal": "apigateway.amazonaws.com",
        "SourceArn": {
          "Fn::Join": [
            "",
            [
              "arn:aws:execute-api:",
              {
                "Ref": "AWS::Region",
              },
              ":",
              {
                "Ref": "AWS::AccountId",
              },
              ":",
              {
                "Ref": "BlogHttpApi",
              },
              "/*/*",
            ],
          ],
        },
      },
      "Type": "AWS::Lambda::Permission",
    },
    "BlogLambdaD5440535": {
      "DependsOn": [
        "BlogLambdaServiceRoleDefaultPolicy204757A1",
        "BlogLambdaServiceRoleA633353E",
      ],
      "Properties": {
        "Code": {
          "S3Bucket": {
            "Fn::Sub": "cdk-hnb659fds-assets-\${AWS::AccountId}-\${AWS::Region}",
          },
          "S3Key": "bf18ddf6e43bbae137123266432f8408f3425aac8c14c6c321a0121a20dddb7f.zip",
        },
        "Environment": {
          "Variables": {
            "ADMIN_SECRET": "change-me",
            "AUTHOR_ID": "default-author",
            "BUCKET_NAME": {
              "Fn::ImportValue": "BlogInfraStack:ExportsOutputRefMediaBucketBCBB02BA270A7AEB",
            },
            "TABLE_NAME": {
              "Fn::ImportValue": "BlogInfraStack:ExportsOutputRefBlogTable4F8B6C551DE80122",
            },
          },
        },
        "Handler": "index.handler",
        "MemorySize": 256,
        "Role": {
          "Fn::GetAtt": [
            "BlogLambdaServiceRoleA633353E",
            "Arn",
          ],
        },
        "Runtime": "nodejs20.x",
        "Timeout": 29,
      },
      "Type": "AWS::Lambda::Function",
    },
    "BlogLambdaServiceRoleA633353E": {
      "Properties": {
        "AssumeRolePolicyDocument": {
          "Statement": [
            {
              "Action": "sts:AssumeRole",
              "Effect": "Allow",
              "Principal": {
                "Service": "lambda.amazonaws.com",
              },
            },
          ],
          "Version": "2012-10-17",
        },
        "ManagedPolicyArns": [
          {
            "Fn::Join": [
              "",
              [
                "arn:",
                {
                  "Ref": "AWS::Partition",
                },
                ":iam::aws:policy/service-role/AWSLambdaBasicExecutionRole",
              ],
            ],
          },
        ],
      },
      "Type": "AWS::IAM::Role",
    },
    "BlogLambdaServiceRoleDefaultPolicy204757A1": {
      "Properties": {
        "PolicyDocument": {
          "Statement": [
            {
              "Action": [
                "dynamodb:BatchGetItem",
                "dynamodb:Query",
                "dynamodb:GetItem",
                "dynamodb:Scan",
                "dynamodb:ConditionCheckItem",
                "dynamodb:BatchWriteItem",
                "dynamodb:PutItem",
                "dynamodb:UpdateItem",
                "dynamodb:DeleteItem",
                "dynamodb:DescribeTable",
              ],
              "Effect": "Allow",
              "Resource": [
                {
                  "Fn::ImportValue": "BlogInfraStack:ExportsOutputFnGetAttBlogTable4F8B6C55Arn29015424",
                },
                {
                  "Fn::Join": [
                    "",
                    [
                      {
                        "Fn::ImportValue": "BlogInfraStack:ExportsOutputFnGetAttBlogTable4F8B6C55Arn29015424",
                      },
                      "/index/*",
                    ],
                  ],
                },
              ],
            },
            {
              "Action": [
                "dynamodb:GetRecords",
                "dynamodb:GetShardIterator",
              ],
              "Effect": "Allow",
              "Resource": [
                {
                  "Fn::ImportValue": "BlogInfraStack:ExportsOutputFnGetAttBlogTable4F8B6C55Arn29015424",
                },
                {
                  "Fn::Join": [
                    "",
                    [
                      {
                        "Fn::ImportValue": "BlogInfraStack:ExportsOutputFnGetAttBlogTable4F8B6C55Arn29015424",
                      },
                      "/index/*",
                    ],
                  ],
                },
              ],
            },
            {
              "Action": [
                "s3:PutObject",
                "s3:PutObjectLegalHold",
                "s3:PutObjectRetention",
                "s3:PutObjectTagging",
                "s3:PutObjectVersionTagging",
                "s3:Abort*",
              ],
              "Effect": "Allow",
              "Resource": {
                "Fn::Join": [
                  "",
                  [
                    {
                      "Fn::ImportValue": "BlogInfraStack:ExportsOutputFnGetAttMediaBucketBCBB02BAArnB94B784B",
                    },
                    "/media/*",
                  ],
                ],
              },
            },
            {
              "Action": [
                "s3:GetObject*",
                "s3:GetBucket*",
                "s3:List*",
              ],
              "Effect": "Allow",
              "Resource": [
                {
                  "Fn::ImportValue": "BlogInfraStack:ExportsOutputFnGetAttMediaBucketBCBB02BAArnB94B784B",
                },
                {
                  "Fn::Join": [
                    "",
                    [
                      {
                        "Fn::ImportValue": "BlogInfraStack:ExportsOutputFnGetAttMediaBucketBCBB02BAArnB94B784B",
                      },
                      "/media/*",
                    ],
                  ],
                },
              ],
            },
          ],
          "Version": "2012-10-17",
        },
        "PolicyName": "BlogLambdaServiceRoleDefaultPolicy204757A1",
        "Roles": [
          {
            "Ref": "BlogLambdaServiceRoleA633353E",
          },
        ],
      },
      "Type": "AWS::IAM::Policy",
    },
    "DefaultRoute": {
      "Properties": {
        "ApiId": {
          "Ref": "BlogHttpApi",
        },
        "RouteKey": "$default",
        "Target": {
          "Fn::Join": [
            "",
            [
              "integrations/",
              {
                "Ref": "LambdaIntegration",
              },
            ],
          ],
        },
      },
      "Type": "AWS::ApiGatewayV2::Route",
    },
    "DefaultStage": {
      "Properties": {
        "ApiId": {
          "Ref": "BlogHttpApi",
        },
        "AutoDeploy": true,
        "StageName": "$default",
      },
      "Type": "AWS::ApiGatewayV2::Stage",
    },
    "LambdaIntegration": {
      "Properties": {
        "ApiId": {
          "Ref": "BlogHttpApi",
        },
        "IntegrationType": "AWS_PROXY",
        "IntegrationUri": {
          "Fn::GetAtt": [
            "BlogLambdaD5440535",
            "Arn",
          ],
        },
        "PayloadFormatVersion": "2.0",
      },
      "Type": "AWS::ApiGatewayV2::Integration",
    },
  },
  "Rules": {
    "CheckBootstrapVersion": {
      "Assertions": [
        {
          "Assert": {
            "Fn::Not": [
              {
                "Fn::Contains": [
                  [
                    "1",
                    "2",
                    "3",
                    "4",
                    "5",
                  ],
                  {
                    "Ref": "BootstrapVersion",
                  },
                ],
              },
            ],
          },
          "AssertDescription": "CDK bootstrap stack version 6 required. Please run 'cdk bootstrap' with a recent version of the CDK CLI.",
        },
      ],
    },
  },
}
`;
