// Jest Snapshot v1, https://goo.gl/fbAQLP

exports[`BlogStreamsStack matches snapshot 1`] = `
{
  "Parameters": {
    "BootstrapVersion": {
      "Default": "/cdk-bootstrap/hnb659fds/version",
      "Description": "Version of the CDK Bootstrap resources in this environment, automatically retrieved from SSM Parameter Store. [cdk:skip]",
      "Type": "AWS::SSM::Parameter::Value<String>",
    },
  },
  "Resources": {
    "StreamsConsumerAA2C6C81": {
      "DependsOn": [
        "StreamsConsumerServiceRoleDefaultPolicy35A26329",
        "StreamsConsumerServiceRole3CA87146",
      ],
      "Properties": {
        "Code": {
          "S3Bucket": {
            "Fn::Sub": "cdk-hnb659fds-assets-\${AWS::AccountId}-\${AWS::Region}",
          },
          "S3Key": "e3c031be913186249a7d19201e37548a8f01f13742e69de920bd5a831eff5138.zip",
        },
        "Environment": {
          "Variables": {
            "TABLE_NAME": {
              "Fn::ImportValue": "BlogInfraStack:ExportsOutputRefBlogTable4F8B6C551DE80122",
            },
          },
        },
        "Handler": "index.handler",
        "MemorySize": 128,
        "Role": {
          "Fn::GetAtt": [
            "StreamsConsumerServiceRole3CA87146",
            "Arn",
          ],
        },
        "Runtime": "nodejs20.x",
        "Timeout": 60,
      },
      "Type": "AWS::Lambda::Function",
    },
    "StreamsConsumerDynamoDBEventSourceBlogInfraStackBlogTable3E98076D0F92D7B4": {
      "Properties": {
        "BatchSize": 100,
        "BisectBatchOnFunctionError": true,
        "EventSourceArn": {
          "Fn::ImportValue": "BlogInfraStack:ExportsOutputFnGetAttBlogTable4F8B6C55StreamArn124085A7",
        },
        "FilterCriteria": {
          "Filters": [
            {
              "Pattern": "{"dynamodb":{"Keys":{"SK":{"S":[{"prefix":"COMMENT#"}]}}},"eventName":["INSERT","REMOVE"]}",
            },
          ],
        },
        "FunctionName": {
          "Ref": "StreamsConsumerAA2C6C81",
        },
        "MaximumRetryAttempts": 2,
        "StartingPosition": "LATEST",
      },
      "Type": "AWS::Lambda::EventSourceMapping",
    },
    "StreamsConsumerServiceRole3CA87146": {
      "Properties": {
        "AssumeRolePolicyDocument": {
          "Statement": [
            {
              "Action": "sts:AssumeRole",
              "Effect": "Allow",
              "Principal": {
                "Service": "lambda.amazonaws.com",
              },
            },
          ],
          "Version": "2012-10-17",
        },
        "ManagedPolicyArns": [
          {
            "Fn::Join": [
              "",
              [
                "arn:",
                {
                  "Ref": "AWS::Partition",
                },
                ":iam::aws:policy/service-role/AWSLambdaBasicExecutionRole",
              ],
            ],
          },
        ],
      },
      "Type": "AWS::IAM::Role",
    },
    "StreamsConsumerServiceRoleDefaultPolicy35A26329": {
      "Properties": {
        "PolicyDocument": {
          "Statement": [
            {
              "Action": [
                "dynamodb:BatchGetItem",
                "dynamodb:Query",
                "dynamodb:GetItem",
                "dynamodb:Scan",
                "dynamodb:ConditionCheckItem",
                "dynamodb:BatchWriteItem",
                "dynamodb:PutItem",
                "dynamodb:UpdateItem",
                "dynamodb:DeleteItem",
                "dynamodb:DescribeTable",
              ],
              "Effect": "Allow",
              "Resource": [
                {
                  "Fn::ImportValue": "BlogInfraStack:ExportsOutputFnGetAttBlogTable4F8B6C55Arn29015424",
                },
                {
                  "Fn::Join": [
                    "",
                    [
                      {
                        "Fn::ImportValue": "BlogInfraStack:ExportsOutputFnGetAttBlogTable4F8B6C55Arn29015424",
                      },
                      "/index/*",
                    ],
                  ],
                },
              ],
            },
            {
              "Action": [
                "dynamodb:GetRecords",
                "dynamodb:GetShardIterator",
              ],
              "Effect": "Allow",
              "Resource": [
                {
                  "Fn::ImportValue": "BlogInfraStack:ExportsOutputFnGetAttBlogTable4F8B6C55Arn29015424",
                },
                {
                  "Fn::Join": [
                    "",
                    [
                      {
                        "Fn::ImportValue": "BlogInfraStack:ExportsOutputFnGetAttBlogTable4F8B6C55Arn29015424",
                      },
                      "/index/*",
                    ],
                  ],
                },
              ],
            },
            {
              "Action": "dynamodb:ListStreams",
              "Effect": "Allow",
              "Resource": "*",
            },
            {
              "Action": [
                "dynamodb:DescribeStream",
                "dynamodb:GetRecords",
                "dynamodb:GetShardIterator",
              ],
              "Effect": "Allow",
              "Resource": {
                "Fn::ImportValue": "BlogInfraStack:ExportsOutputFnGetAttBlogTable4F8B6C55StreamArn124085A7",
              },
            },
          ],
          "Version": "2012-10-17",
        },
        "PolicyName": "StreamsConsumerServiceRoleDefaultPolicy35A26329",
        "Roles": [
          {
            "Ref": "StreamsConsumerServiceRole3CA87146",
          },
        ],
      },
      "Type": "AWS::IAM::Policy",
    },
  },
  "Rules": {
    "CheckBootstrapVersion": {
      "Assertions": [
        {
          "Assert": {
            "Fn::Not": [
              {
                "Fn::Contains": [
                  [
                    "1",
                    "2",
                    "3",
                    "4",
                    "5",
                  ],
                  {
                    "Ref": "BootstrapVersion",
                  },
                ],
              },
            ],
          },
          "AssertDescription": "CDK bootstrap stack version 6 required. Please run 'cdk bootstrap' with a recent version of the CDK CLI.",
        },
      ],
    },
  },
}
`;
